client,available,held,total,locked
1,-100.0000,0.0000,-100.0000,true

