client,available,held,total,locked
2,2.0000,0.0000,2.0000,false
1,1.0000,0.0000,1.0000,false

