client,available,held,total,locked
1,0.0000,0.0000,0.0000,false

